<?xml version="1.0" encoding="UTF-8"?>
<testsuite name="Sel" tests="2" errors="0" failures="0" skipped="0" time="15.209" timestamp="2024-04-28T06:18:42.950347">
<testsuite name="Test Sample1" tests="1" errors="0" failures="0" skipped="0" time="5.651" timestamp="2024-04-28T06:18:42.968860">
<testcase classname="Sel.Test Sample1" name="Starting a browser with a page" time="3.340">
</testcase>
</testsuite>
<testsuite name="Test Scroll01" tests="1" errors="0" failures="0" skipped="0" time="9.538" timestamp="2024-04-28T06:18:48.620699">
<testcase classname="Sel.Test Scroll01" name=" Test01_checkbrowser" time="9.534">
</testcase>
</testsuite>
</testsuite>
